{
  "status": "ok",
  "generated_at": "2026-05-08T10:47:43.480163+00:00",
  "total_cases": 250,
  "clustered_cases": 184,
  "unclustered_cases": 66,
  "cluster_count": 6,
  "top_clusters": [
    {
      "cluster_id": "ccf43a4b-cc73-4ee9-98b2-96c69551f4ce",
      "case_count": 41
    },
    {
      "cluster_id": "56f43885-7ae4-41ba-8219-81ea7edc1d5c",
      "case_count": 37
    },
    {
      "cluster_id": "79ece3c2-b6c6-476c-bce4-ec1c74ca696d",
      "case_count": 32
    },
    {
      "cluster_id": "a82893ca-1675-47f6-8359-6418c88fbb22",
      "case_count": 30
    },
    {
      "cluster_id": "040ceb9e-1813-482a-9880-d6ca6367a986",
      "case_count": 26
    },
    {
      "cluster_id": "da4704b8-b89b-4253-b6d6-211e3157af6f",
      "case_count": 18
    }
  ]
}
