{
  "status": "ok",
  "generated_at": "2026-05-08T09:47:10.730848+00:00",
  "total_cases": 100,
  "clustered_cases": 75,
  "unclustered_cases": 25,
  "cluster_count": 4,
  "top_clusters": [
    {
      "cluster_id": "ca40859a-7221-468d-a99f-ef098ddb953f",
      "case_count": 22
    },
    {
      "cluster_id": "7caf0ffa-de23-45ee-a63a-31e209106af1",
      "case_count": 19
    },
    {
      "cluster_id": "117508fb-ebc4-4464-9007-d1b3ca3cdb78",
      "case_count": 17
    },
    {
      "cluster_id": "9a30a3f1-b145-405a-8f25-1d20ce69e190",
      "case_count": 17
    }
  ]
}
